[0713/112917.308:ERROR:gpu\command_buffer\service\gles2_cmd_decoder_passthrough.cc:1092] [GroupMarkerNotSet(crbug.com/242999)!:A0002D00044C0000]Automatic fallback to software WebGL has been deprecated. Please use the --enable-unsafe-swiftshader flag to opt in to lower security guarantees for trusted content.
[0713/112917.316:ERROR:gpu\command_buffer\service\gl_utils.cc:431] [.WebGL-0x77bc009e1c00]GL Driver Message (OpenGL, Performance, GL_CLOSE_PATH_NV, High): GPU stall due to ReadPixels
[0713/112917.421:ERROR:gpu\command_buffer\service\gl_utils.cc:431] [.WebGL-0x77bc009e1c00]GL Driver Message (OpenGL, Performance, GL_CLOSE_PATH_NV, High): GPU stall due to ReadPixels
[0713/112917.490:ERROR:gpu\command_buffer\service\gl_utils.cc:431] [.WebGL-0x77bc009e1c00]GL Driver Message (OpenGL, Performance, GL_CLOSE_PATH_NV, High): GPU stall due to ReadPixels
[0713/112917.503:ERROR:gpu\command_buffer\service\gl_utils.cc:431] [.WebGL-0x77bc009e1c00]GL Driver Message (OpenGL, Performance, GL_CLOSE_PATH_NV, High): GPU stall due to ReadPixels (this message will no longer repeat)
[0713/112927.798:ERROR:gpu\command_buffer\service\gles2_cmd_decoder_passthrough.cc:1092] [GroupMarkerNotSet(crbug.com/242999)!:A080300004470000]Automatic fallback to software WebGL has been deprecated. Please use the --enable-unsafe-swiftshader flag to opt in to lower security guarantees for trusted content.
[0713/112927.805:ERROR:gpu\command_buffer\service\gl_utils.cc:431] [.WebGL-0x442400a27100]GL Driver Message (OpenGL, Performance, GL_CLOSE_PATH_NV, High): GPU stall due to ReadPixels
[0713/112927.900:ERROR:gpu\command_buffer\service\gl_utils.cc:431] [.WebGL-0x442400a27100]GL Driver Message (OpenGL, Performance, GL_CLOSE_PATH_NV, High): GPU stall due to ReadPixels
[0713/112927.959:ERROR:gpu\command_buffer\service\gl_utils.cc:431] [.WebGL-0x442400a27100]GL Driver Message (OpenGL, Performance, GL_CLOSE_PATH_NV, High): GPU stall due to ReadPixels
[0713/112927.970:ERROR:gpu\command_buffer\service\gl_utils.cc:431] [.WebGL-0x442400a27100]GL Driver Message (OpenGL, Performance, GL_CLOSE_PATH_NV, High): GPU stall due to ReadPixels (this message will no longer repeat)
[0713/112955.534:ERROR:gpu\command_buffer\service\gles2_cmd_decoder_passthrough.cc:1092] [GroupMarkerNotSet(crbug.com/242999)!:A0802E00E4440000]Automatic fallback to software WebGL has been deprecated. Please use the --enable-unsafe-swiftshader flag to opt in to lower security guarantees for trusted content.
[0713/112955.541:ERROR:gpu\command_buffer\service\gl_utils.cc:431] [.WebGL-0x402400a1ea00]GL Driver Message (OpenGL, Performance, GL_CLOSE_PATH_NV, High): GPU stall due to ReadPixels
[0713/112955.656:ERROR:gpu\command_buffer\service\gl_utils.cc:431] [.WebGL-0x402400a1ea00]GL Driver Message (OpenGL, Performance, GL_CLOSE_PATH_NV, High): GPU stall due to ReadPixels
[0713/112955.721:ERROR:gpu\command_buffer\service\gl_utils.cc:431] [.WebGL-0x402400a1ea00]GL Driver Message (OpenGL, Performance, GL_CLOSE_PATH_NV, High): GPU stall due to ReadPixels
[0713/112955.735:ERROR:gpu\command_buffer\service\gl_utils.cc:431] [.WebGL-0x402400a1ea00]GL Driver Message (OpenGL, Performance, GL_CLOSE_PATH_NV, High): GPU stall due to ReadPixels (this message will no longer repeat)
[0713/113025.976:ERROR:gpu\command_buffer\service\gles2_cmd_decoder_passthrough.cc:1092] [GroupMarkerNotSet(crbug.com/242999)!:A0808F00B4420000]Automatic fallback to software WebGL has been deprecated. Please use the --enable-unsafe-swiftshader flag to opt in to lower security guarantees for trusted content.
[0713/113025.982:ERROR:gpu\command_buffer\service\gl_utils.cc:431] [.WebGL-0x629400950600]GL Driver Message (OpenGL, Performance, GL_CLOSE_PATH_NV, High): GPU stall due to ReadPixels
[0713/113026.109:ERROR:gpu\command_buffer\service\gl_utils.cc:431] [.WebGL-0x629400950600]GL Driver Message (OpenGL, Performance, GL_CLOSE_PATH_NV, High): GPU stall due to ReadPixels
[0713/113026.170:ERROR:gpu\command_buffer\service\gl_utils.cc:431] [.WebGL-0x629400950600]GL Driver Message (OpenGL, Performance, GL_CLOSE_PATH_NV, High): GPU stall due to ReadPixels
[0713/113026.183:ERROR:gpu\command_buffer\service\gl_utils.cc:431] [.WebGL-0x629400950600]GL Driver Message (OpenGL, Performance, GL_CLOSE_PATH_NV, High): GPU stall due to ReadPixels (this message will no longer repeat)
[0713/113121.829:ERROR:gpu\command_buffer\service\gles2_cmd_decoder_passthrough.cc:1092] [GroupMarkerNotSet(crbug.com/242999)!:A0C08F008C6C0000]Automatic fallback to software WebGL has been deprecated. Please use the --enable-unsafe-swiftshader flag to opt in to lower security guarantees for trusted content.
[0713/113121.836:ERROR:gpu\command_buffer\service\gl_utils.cc:431] [.WebGL-0x3d44008f3f00]GL Driver Message (OpenGL, Performance, GL_CLOSE_PATH_NV, High): GPU stall due to ReadPixels
[0713/113121.943:ERROR:gpu\command_buffer\service\gl_utils.cc:431] [.WebGL-0x3d44008f3f00]GL Driver Message (OpenGL, Performance, GL_CLOSE_PATH_NV, High): GPU stall due to ReadPixels
[0713/113122.005:ERROR:gpu\command_buffer\service\gl_utils.cc:431] [.WebGL-0x3d44008f3f00]GL Driver Message (OpenGL, Performance, GL_CLOSE_PATH_NV, High): GPU stall due to ReadPixels
[0713/113122.016:ERROR:gpu\command_buffer\service\gl_utils.cc:431] [.WebGL-0x3d44008f3f00]GL Driver Message (OpenGL, Performance, GL_CLOSE_PATH_NV, High): GPU stall due to ReadPixels (this message will no longer repeat)
[0713/135231.953:ERROR:gpu\command_buffer\service\gles2_cmd_decoder_passthrough.cc:1092] [GroupMarkerNotSet(crbug.com/242999)!:A0808E0084490000]Automatic fallback to software WebGL has been deprecated. Please use the --enable-unsafe-swiftshader flag to opt in to lower security guarantees for trusted content.
[0713/135231.983:ERROR:gpu\command_buffer\service\gl_utils.cc:431] [.WebGL-0x4f6400a66a00]GL Driver Message (OpenGL, Performance, GL_CLOSE_PATH_NV, High): GPU stall due to ReadPixels
[0713/135232.180:ERROR:gpu\command_buffer\service\gl_utils.cc:431] [.WebGL-0x4f6400a66a00]GL Driver Message (OpenGL, Performance, GL_CLOSE_PATH_NV, High): GPU stall due to ReadPixels
[0713/135232.247:ERROR:gpu\command_buffer\service\gl_utils.cc:431] [.WebGL-0x4f6400a66a00]GL Driver Message (OpenGL, Performance, GL_CLOSE_PATH_NV, High): GPU stall due to ReadPixels
[0713/135232.260:ERROR:gpu\command_buffer\service\gl_utils.cc:431] [.WebGL-0x4f6400a66a00]GL Driver Message (OpenGL, Performance, GL_CLOSE_PATH_NV, High): GPU stall due to ReadPixels (this message will no longer repeat)
[0713/140101.544:ERROR:gpu\command_buffer\service\gles2_cmd_decoder_passthrough.cc:1092] [GroupMarkerNotSet(crbug.com/242999)!:A0402D017C3C0000]Automatic fallback to software WebGL has been deprecated. Please use the --enable-unsafe-swiftshader flag to opt in to lower security guarantees for trusted content.
[0713/140101.553:ERROR:gpu\command_buffer\service\gl_utils.cc:431] [.WebGL-0x269c00b15b00]GL Driver Message (OpenGL, Performance, GL_CLOSE_PATH_NV, High): GPU stall due to ReadPixels
[0713/140101.727:ERROR:gpu\command_buffer\service\gles2_cmd_decoder_passthrough.cc:1092] [GroupMarkerNotSet(crbug.com/242999)!:A0402D017C3C0000]Automatic fallback to software WebGL has been deprecated. Please use the --enable-unsafe-swiftshader flag to opt in to lower security guarantees for trusted content.
[0713/140101.732:ERROR:gpu\command_buffer\service\gl_utils.cc:431] [.WebGL-0x269c00d8db00]GL Driver Message (OpenGL, Performance, GL_CLOSE_PATH_NV, High): GPU stall due to ReadPixels
[0713/140101.861:ERROR:gpu\command_buffer\service\gl_utils.cc:431] [.WebGL-0x269c00d8db00]GL Driver Message (OpenGL, Performance, GL_CLOSE_PATH_NV, High): GPU stall due to ReadPixels
[0713/140101.918:ERROR:gpu\command_buffer\service\gl_utils.cc:431] [.WebGL-0x269c00d8db00]GL Driver Message (OpenGL, Performance, GL_CLOSE_PATH_NV, High): GPU stall due to ReadPixels (this message will no longer repeat)
[0713/143207.215:ERROR:gpu\command_buffer\service\gles2_cmd_decoder_passthrough.cc:1092] [GroupMarkerNotSet(crbug.com/242999)!:A0807801F4760000]Automatic fallback to software WebGL has been deprecated. Please use the --enable-unsafe-swiftshader flag to opt in to lower security guarantees for trusted content.
[0713/143207.222:ERROR:gpu\command_buffer\service\gl_utils.cc:431] [.WebGL-0x27dc00914600]GL Driver Message (OpenGL, Performance, GL_CLOSE_PATH_NV, High): GPU stall due to ReadPixels
[0713/143207.355:ERROR:gpu\command_buffer\service\gl_utils.cc:431] [.WebGL-0x27dc00914600]GL Driver Message (OpenGL, Performance, GL_CLOSE_PATH_NV, High): GPU stall due to ReadPixels
[0713/143207.414:ERROR:gpu\command_buffer\service\gl_utils.cc:431] [.WebGL-0x27dc00914600]GL Driver Message (OpenGL, Performance, GL_CLOSE_PATH_NV, High): GPU stall due to ReadPixels
[0713/143207.428:ERROR:gpu\command_buffer\service\gl_utils.cc:431] [.WebGL-0x27dc00914600]GL Driver Message (OpenGL, Performance, GL_CLOSE_PATH_NV, High): GPU stall due to ReadPixels (this message will no longer repeat)
[0713/143221.032:ERROR:gpu\command_buffer\service\gles2_cmd_decoder_passthrough.cc:1092] [GroupMarkerNotSet(crbug.com/242999)!:A08078012C620000]Automatic fallback to software WebGL has been deprecated. Please use the --enable-unsafe-swiftshader flag to opt in to lower security guarantees for trusted content.
[0713/143221.040:ERROR:gpu\command_buffer\service\gl_utils.cc:431] [.WebGL-0x12ac0087a200]GL Driver Message (OpenGL, Performance, GL_CLOSE_PATH_NV, High): GPU stall due to ReadPixels
[0713/143221.157:ERROR:gpu\command_buffer\service\gl_utils.cc:431] [.WebGL-0x12ac0087a200]GL Driver Message (OpenGL, Performance, GL_CLOSE_PATH_NV, High): GPU stall due to ReadPixels
[0713/143221.211:ERROR:gpu\command_buffer\service\gl_utils.cc:431] [.WebGL-0x12ac0087a200]GL Driver Message (OpenGL, Performance, GL_CLOSE_PATH_NV, High): GPU stall due to ReadPixels
[0713/143221.224:ERROR:gpu\command_buffer\service\gl_utils.cc:431] [.WebGL-0x12ac0087a200]GL Driver Message (OpenGL, Performance, GL_CLOSE_PATH_NV, High): GPU stall due to ReadPixels (this message will no longer repeat)
[0713/143235.668:ERROR:gpu\command_buffer\service\gles2_cmd_decoder_passthrough.cc:1092] [GroupMarkerNotSet(crbug.com/242999)!:A04075019C580000]Automatic fallback to software WebGL has been deprecated. Please use the --enable-unsafe-swiftshader flag to opt in to lower security guarantees for trusted content.
[0713/143235.675:ERROR:gpu\command_buffer\service\gl_utils.cc:431] [.WebGL-0x199400bd8700]GL Driver Message (OpenGL, Performance, GL_CLOSE_PATH_NV, High): GPU stall due to ReadPixels
[0713/143235.787:ERROR:gpu\command_buffer\service\gl_utils.cc:431] [.WebGL-0x199400bd8700]GL Driver Message (OpenGL, Performance, GL_CLOSE_PATH_NV, High): GPU stall due to ReadPixels
[0713/143235.847:ERROR:gpu\command_buffer\service\gl_utils.cc:431] [.WebGL-0x199400bd8700]GL Driver Message (OpenGL, Performance, GL_CLOSE_PATH_NV, High): GPU stall due to ReadPixels
[0713/143235.861:ERROR:gpu\command_buffer\service\gl_utils.cc:431] [.WebGL-0x199400bd8700]GL Driver Message (OpenGL, Performance, GL_CLOSE_PATH_NV, High): GPU stall due to ReadPixels (this message will no longer repeat)
[0713/143833.312:ERROR:gpu\command_buffer\service\gles2_cmd_decoder_passthrough.cc:1092] [GroupMarkerNotSet(crbug.com/242999)!:A040750114750000]Automatic fallback to software WebGL has been deprecated. Please use the --enable-unsafe-swiftshader flag to opt in to lower security guarantees for trusted content.
[0713/143833.319:ERROR:gpu\command_buffer\service\gl_utils.cc:431] [.WebGL-0x599c00be1500]GL Driver Message (OpenGL, Performance, GL_CLOSE_PATH_NV, High): GPU stall due to ReadPixels
[0713/143833.446:ERROR:gpu\command_buffer\service\gl_utils.cc:431] [.WebGL-0x599c00be1500]GL Driver Message (OpenGL, Performance, GL_CLOSE_PATH_NV, High): GPU stall due to ReadPixels
[0713/143833.507:ERROR:gpu\command_buffer\service\gl_utils.cc:431] [.WebGL-0x599c00be1500]GL Driver Message (OpenGL, Performance, GL_CLOSE_PATH_NV, High): GPU stall due to ReadPixels
[0713/143833.523:ERROR:gpu\command_buffer\service\gl_utils.cc:431] [.WebGL-0x599c00be1500]GL Driver Message (OpenGL, Performance, GL_CLOSE_PATH_NV, High): GPU stall due to ReadPixels (this message will no longer repeat)
[0713/143852.323:ERROR:gpu\command_buffer\service\gles2_cmd_decoder_passthrough.cc:1092] [GroupMarkerNotSet(crbug.com/242999)!:A04075019C360000]Automatic fallback to software WebGL has been deprecated. Please use the --enable-unsafe-swiftshader flag to opt in to lower security guarantees for trusted content.
[0713/143852.330:ERROR:gpu\command_buffer\service\gl_utils.cc:431] [.WebGL-0x48ac000f2a00]GL Driver Message (OpenGL, Performance, GL_CLOSE_PATH_NV, High): GPU stall due to ReadPixels
[0713/143852.447:ERROR:gpu\command_buffer\service\gl_utils.cc:431] [.WebGL-0x48ac000f2a00]GL Driver Message (OpenGL, Performance, GL_CLOSE_PATH_NV, High): GPU stall due to ReadPixels
[0713/143852.502:ERROR:gpu\command_buffer\service\gl_utils.cc:431] [.WebGL-0x48ac000f2a00]GL Driver Message (OpenGL, Performance, GL_CLOSE_PATH_NV, High): GPU stall due to ReadPixels
[0713/143852.519:ERROR:gpu\command_buffer\service\gl_utils.cc:431] [.WebGL-0x48ac000f2a00]GL Driver Message (OpenGL, Performance, GL_CLOSE_PATH_NV, High): GPU stall due to ReadPixels (this message will no longer repeat)
[0713/143919.815:ERROR:gpu\command_buffer\service\gles2_cmd_decoder_passthrough.cc:1092] [GroupMarkerNotSet(crbug.com/242999)!:A0407E018C0F0000]Automatic fallback to software WebGL has been deprecated. Please use the --enable-unsafe-swiftshader flag to opt in to lower security guarantees for trusted content.
[0713/143919.824:ERROR:gpu\command_buffer\service\gl_utils.cc:431] [.WebGL-0x7bb4000f3100]GL Driver Message (OpenGL, Performance, GL_CLOSE_PATH_NV, High): GPU stall due to ReadPixels
[0713/143919.939:ERROR:gpu\command_buffer\service\gl_utils.cc:431] [.WebGL-0x7bb4000f3100]GL Driver Message (OpenGL, Performance, GL_CLOSE_PATH_NV, High): GPU stall due to ReadPixels
[0713/143919.997:ERROR:gpu\command_buffer\service\gl_utils.cc:431] [.WebGL-0x7bb4000f3100]GL Driver Message (OpenGL, Performance, GL_CLOSE_PATH_NV, High): GPU stall due to ReadPixels
[0713/143920.011:ERROR:gpu\command_buffer\service\gl_utils.cc:431] [.WebGL-0x7bb4000f3100]GL Driver Message (OpenGL, Performance, GL_CLOSE_PATH_NV, High): GPU stall due to ReadPixels (this message will no longer repeat)
[0713/144638.581:ERROR:gpu\command_buffer\service\gles2_cmd_decoder_passthrough.cc:1092] [GroupMarkerNotSet(crbug.com/242999)!:A0407501CC770000]Automatic fallback to software WebGL has been deprecated. Please use the --enable-unsafe-swiftshader flag to opt in to lower security guarantees for trusted content.
[0713/144638.590:ERROR:gpu\command_buffer\service\gl_utils.cc:431] [.WebGL-0x3dc000e3100]GL Driver Message (OpenGL, Performance, GL_CLOSE_PATH_NV, High): GPU stall due to ReadPixels
[0713/144638.711:ERROR:gpu\command_buffer\service\gl_utils.cc:431] [.WebGL-0x3dc000e3100]GL Driver Message (OpenGL, Performance, GL_CLOSE_PATH_NV, High): GPU stall due to ReadPixels
[0713/144638.766:ERROR:gpu\command_buffer\service\gl_utils.cc:431] [.WebGL-0x3dc000e3100]GL Driver Message (OpenGL, Performance, GL_CLOSE_PATH_NV, High): GPU stall due to ReadPixels
[0713/144638.780:ERROR:gpu\command_buffer\service\gl_utils.cc:431] [.WebGL-0x3dc000e3100]GL Driver Message (OpenGL, Performance, GL_CLOSE_PATH_NV, High): GPU stall due to ReadPixels (this message will no longer repeat)
[0713/144731.603:ERROR:gpu\command_buffer\service\gles2_cmd_decoder_passthrough.cc:1092] [GroupMarkerNotSet(crbug.com/242999)!:A0408700C43F0000]Automatic fallback to software WebGL has been deprecated. Please use the --enable-unsafe-swiftshader flag to opt in to lower security guarantees for trusted content.
[0713/144731.610:ERROR:gpu\command_buffer\service\gl_utils.cc:431] [.WebGL-0x4e1c00f38000]GL Driver Message (OpenGL, Performance, GL_CLOSE_PATH_NV, High): GPU stall due to ReadPixels
[0713/144731.740:ERROR:gpu\command_buffer\service\gl_utils.cc:431] [.WebGL-0x4e1c00f38000]GL Driver Message (OpenGL, Performance, GL_CLOSE_PATH_NV, High): GPU stall due to ReadPixels
[0713/144731.797:ERROR:gpu\command_buffer\service\gl_utils.cc:431] [.WebGL-0x4e1c00f38000]GL Driver Message (OpenGL, Performance, GL_CLOSE_PATH_NV, High): GPU stall due to ReadPixels
[0713/144731.814:ERROR:gpu\command_buffer\service\gl_utils.cc:431] [.WebGL-0x4e1c00f38000]GL Driver Message (OpenGL, Performance, GL_CLOSE_PATH_NV, High): GPU stall due to ReadPixels (this message will no longer repeat)
[0713/144837.450:ERROR:gpu\command_buffer\service\gles2_cmd_decoder_passthrough.cc:1092] [GroupMarkerNotSet(crbug.com/242999)!:A0407501840A0000]Automatic fallback to software WebGL has been deprecated. Please use the --enable-unsafe-swiftshader flag to opt in to lower security guarantees for trusted content.
[0713/144837.457:ERROR:gpu\command_buffer\service\gl_utils.cc:431] [.WebGL-0x6c0c00a58600]GL Driver Message (OpenGL, Performance, GL_CLOSE_PATH_NV, High): GPU stall due to ReadPixels
[0713/144837.567:ERROR:gpu\command_buffer\service\gl_utils.cc:431] [.WebGL-0x6c0c00a58600]GL Driver Message (OpenGL, Performance, GL_CLOSE_PATH_NV, High): GPU stall due to ReadPixels
[0713/144837.622:ERROR:gpu\command_buffer\service\gl_utils.cc:431] [.WebGL-0x6c0c00a58600]GL Driver Message (OpenGL, Performance, GL_CLOSE_PATH_NV, High): GPU stall due to ReadPixels
[0713/144837.637:ERROR:gpu\command_buffer\service\gl_utils.cc:431] [.WebGL-0x6c0c00a58600]GL Driver Message (OpenGL, Performance, GL_CLOSE_PATH_NV, High): GPU stall due to ReadPixels (this message will no longer repeat)
[0713/144943.983:ERROR:gpu\command_buffer\service\gles2_cmd_decoder_passthrough.cc:1092] [GroupMarkerNotSet(crbug.com/242999)!:A040750164520000]Automatic fallback to software WebGL has been deprecated. Please use the --enable-unsafe-swiftshader flag to opt in to lower security guarantees for trusted content.
[0713/144943.992:ERROR:gpu\command_buffer\service\gl_utils.cc:431] [.WebGL-0x733400c59c00]GL Driver Message (OpenGL, Performance, GL_CLOSE_PATH_NV, High): GPU stall due to ReadPixels
[0713/144944.140:ERROR:gpu\command_buffer\service\gl_utils.cc:431] [.WebGL-0x733400c59c00]GL Driver Message (OpenGL, Performance, GL_CLOSE_PATH_NV, High): GPU stall due to ReadPixels
[0713/144944.195:ERROR:gpu\command_buffer\service\gl_utils.cc:431] [.WebGL-0x733400c59c00]GL Driver Message (OpenGL, Performance, GL_CLOSE_PATH_NV, High): GPU stall due to ReadPixels
[0713/144944.210:ERROR:gpu\command_buffer\service\gl_utils.cc:431] [.WebGL-0x733400c59c00]GL Driver Message (OpenGL, Performance, GL_CLOSE_PATH_NV, High): GPU stall due to ReadPixels (this message will no longer repeat)
[0713/145147.282:ERROR:gpu\command_buffer\service\gles2_cmd_decoder_passthrough.cc:1092] [GroupMarkerNotSet(crbug.com/242999)!:A0407501AC250000]Automatic fallback to software WebGL has been deprecated. Please use the --enable-unsafe-swiftshader flag to opt in to lower security guarantees for trusted content.
[0713/145147.289:ERROR:gpu\command_buffer\service\gl_utils.cc:431] [.WebGL-0x35400b9aa00]GL Driver Message (OpenGL, Performance, GL_CLOSE_PATH_NV, High): GPU stall due to ReadPixels
[0713/145147.415:ERROR:gpu\command_buffer\service\gl_utils.cc:431] [.WebGL-0x35400b9aa00]GL Driver Message (OpenGL, Performance, GL_CLOSE_PATH_NV, High): GPU stall due to ReadPixels
[0713/145147.492:ERROR:gpu\command_buffer\service\gl_utils.cc:431] [.WebGL-0x35400b9aa00]GL Driver Message (OpenGL, Performance, GL_CLOSE_PATH_NV, High): GPU stall due to ReadPixels
[0713/145147.513:ERROR:gpu\command_buffer\service\gl_utils.cc:431] [.WebGL-0x35400b9aa00]GL Driver Message (OpenGL, Performance, GL_CLOSE_PATH_NV, High): GPU stall due to ReadPixels (this message will no longer repeat)
[0713/145714.130:ERROR:gpu\command_buffer\service\gles2_cmd_decoder_passthrough.cc:1092] [GroupMarkerNotSet(crbug.com/242999)!:A0803001CC000000]Automatic fallback to software WebGL has been deprecated. Please use the --enable-unsafe-swiftshader flag to opt in to lower security guarantees for trusted content.
[0713/145714.137:ERROR:gpu\command_buffer\service\gl_utils.cc:431] [.WebGL-0x44a400860600]GL Driver Message (OpenGL, Performance, GL_CLOSE_PATH_NV, High): GPU stall due to ReadPixels
[0713/145714.260:ERROR:gpu\command_buffer\service\gl_utils.cc:431] [.WebGL-0x44a400860600]GL Driver Message (OpenGL, Performance, GL_CLOSE_PATH_NV, High): GPU stall due to ReadPixels
[0713/145714.322:ERROR:gpu\command_buffer\service\gl_utils.cc:431] [.WebGL-0x44a400860600]GL Driver Message (OpenGL, Performance, GL_CLOSE_PATH_NV, High): GPU stall due to ReadPixels
[0713/145714.340:ERROR:gpu\command_buffer\service\gl_utils.cc:431] [.WebGL-0x44a400860600]GL Driver Message (OpenGL, Performance, GL_CLOSE_PATH_NV, High): GPU stall due to ReadPixels (this message will no longer repeat)
[0713/145802.407:ERROR:gpu\command_buffer\service\gles2_cmd_decoder_passthrough.cc:1092] [GroupMarkerNotSet(crbug.com/242999)!:A0402E010C440000]Automatic fallback to software WebGL has been deprecated. Please use the --enable-unsafe-swiftshader flag to opt in to lower security guarantees for trusted content.
[0713/145802.415:ERROR:gpu\command_buffer\service\gl_utils.cc:431] [.WebGL-0x4ee40087d400]GL Driver Message (OpenGL, Performance, GL_CLOSE_PATH_NV, High): GPU stall due to ReadPixels
[0713/145802.566:ERROR:gpu\command_buffer\service\gl_utils.cc:431] [.WebGL-0x4ee40087d400]GL Driver Message (OpenGL, Performance, GL_CLOSE_PATH_NV, High): GPU stall due to ReadPixels
[0713/145802.629:ERROR:gpu\command_buffer\service\gl_utils.cc:431] [.WebGL-0x4ee40087d400]GL Driver Message (OpenGL, Performance, GL_CLOSE_PATH_NV, High): GPU stall due to ReadPixels
[0713/145802.645:ERROR:gpu\command_buffer\service\gl_utils.cc:431] [.WebGL-0x4ee40087d400]GL Driver Message (OpenGL, Performance, GL_CLOSE_PATH_NV, High): GPU stall due to ReadPixels (this message will no longer repeat)
